// Jest Snapshot v1, https://goo.gl/fbAQLP

exports[`emits correct CSS 1`] = `"@font-face{font-display:block;font-family:Empty;font-style:normal;font-weight:400;src:url(/public/path/31d6cfe0d16ae931b73c.ttf) format("truetype")}.PRbhN-{font:12pt Empty,serif}"`;

exports[`generates expected view 1`] = `"<div class="PRbhN-"><img src="/public/path/images/31d6cfe0d16ae931b73c.png" alt="Empty PNG"></div>"`;

exports[`relies on the expected base URL 1`] = `"http://localhost/public/path/"`;
