// Jest Snapshot v1, https://goo.gl/fbAQLP

exports[`emits expected CSS 1`] = `".pul43I{background:red;height:10px;width:10px}.qsmGww{color:blue}.-UjGq4{background:green;height:10px;width:10px}"`;

exports[`generates expected markup during SSR 1`] = `"<div class="pul43I">{"testClassName":"pul43I"}</div><div class="-UjGq4">{"testClassName":"-UjGq4"}</div>{"sampleClassName":"qsmGww"}"`;
