// Jest Snapshot v1, https://goo.gl/fbAQLP

exports[`Pure client-side render 1`] = `
"<link href=\\"/test/public/path/sample-component-1-1511941200000.css\\" rel=\\"stylesheet\\">
<link href=\\"/test/public/path/sample-component-2-1511941200000.css\\" rel=\\"stylesheet\\">
<link href=\\"/test/public/path/sample-component-3-1511941200000.css\\" rel=\\"stylesheet\\">"
`;

exports[`Pure client-side render 2`] = `
"<h1>SampleCodeSplit</h1>
<div>testValue</div>
<div>PLACEHOLDER!</div>"
`;

exports[`Pure client-side render 3`] = `
"<h1>SampleCodeSplit</h1>
<div>testValue</div>
<div>
  <h1>Sample Component</h1>
  <div>testValue</div>
  <h3>Prop</h3>
  <div></div>
  <h3>Children</h3>
  <div></div>
</div>
<div>
  <h1>Sample Component</h1>
  <div>testValue</div>
  <h3>Prop</h3>
  <div>test</div>
  <h3>Children</h3>
  <div>Test</div>
</div>
<div>
  <h1>Sample Component</h1>
  <div>testValue</div>
  <h3>Prop</h3>
  <div></div>
  <h3>Children</h3>
  <div>
    <div>a</div>
    <div>b</div>
  </div>
</div>"
`;
