// Jest Snapshot v1, https://jestjs.io/docs/snapshot-testing

exports[`generates expected head markup during SSR 1`] = `
"<title data-rh="true"></title>

<meta name="theme-color" content="#FFFFFF">



<meta charset="utf-8">
<meta content="width=device-width,initial-scale=1.0" name="viewport">"
`;

exports[`generates expected markup during SSR 1`] = `
"<!--$-->
<div>Hello World!</div><!--/$-->"
`;
