// Jest Snapshot v1, https://jestjs.io/docs/snapshot-testing

exports[`emits expected CSS 1`] = `".RpOocn{background:red;width:10px;height:10px}.RE5g61{background:green;width:10px;height:10px}.zgWobi{color:blue}"`;

exports[`generates expected markup during SSR 1`] = `"<div class="RpOocn">{"testClassName":"RpOocn"}</div><div class="RE5g61">{"testClassName":"RE5g61"}</div>{"sampleClassName":"zgWobi"}"`;
