// Jest Snapshot v1, https://jestjs.io/docs/snapshot-testing

exports[`emits expected CSS 1`] = `
"/*!**************************************************************!*\\
  !*** css ./__assets__/MockPackageA/TestComponent/style.scss ***!
  \\**************************************************************/
/*
  Sample multi-line comment
*/
.mock-package-a-ts___TestComponent-style___testClassName___SjBfrO {
  background: red;
  width: 10px;
  height: 10px;
}
/*!**************************************************************!*\\
  !*** css ./__assets__/MockPackageB/TestComponent/style.scss ***!
  \\**************************************************************/
/*
  Sample multi-line comment
*/
.-mock-scope-mock-package_b-ts___TestComponent-style___testClassName___MzIKg7 {
  background: green;
  width: 10px;
  height: 10px;
}
/*!***********************************!*\\
  !*** css ./__assets__/style.scss ***!
  \\***********************************/
.-dr-pogodin-react-utils_____tests__-config-stylename-generation-__assets__-style___sampleClassName___QXUpkv {
  color: blue;
}

/*# sourceMappingURL=main.css.map*/"
`;

exports[`generates expected markup during SSR 1`] = `"<div class="mock-package-a-ts___TestComponent-style___testClassName___SjBfrO">{"testClassName":"mock-package-a-ts___TestComponent-style___testClassName___SjBfrO"}</div><div class="-mock-scope-mock-package_b-ts___TestComponent-style___testClassName___MzIKg7">{"testClassName":"-mock-scope-mock-package_b-ts___TestComponent-style___testClassName___MzIKg7"}</div>{"sampleClassName":"-dr-pogodin-react-utils_____tests__-config-stylename-generation-__assets__-style___sampleClassName___QXUpkv"}"`;
