// Jest Snapshot v1, https://jestjs.io/docs/snapshot-testing

exports[`emits expected CSS 1`] = `".SjBfrO{background:red;height:10px;width:10px}.QXUpkv{color:blue}.MzIKg7{background:green;height:10px;width:10px}"`;

exports[`generates expected markup during SSR 1`] = `"<div class="SjBfrO">{"testClassName":"SjBfrO"}</div><div class="MzIKg7">{"testClassName":"MzIKg7"}</div>{"sampleClassName":"QXUpkv"}"`;
