// Jest Snapshot v1, https://goo.gl/fbAQLP

exports[`Babel stylename generation 1`] = `
<div
  className="__tests__-config-stylename-generation-__assets__-TestComponent-___style__testClassName___2QV-B"
/>
`;

exports[`Webpack stylename generation 1`] = `
".__tests__-config-stylename-generation-__assets__-TestComponent-___style__testClassName___2QV-B {
  background: red;
  width: 10px;
  height: 10px;
}"
`;
