// Jest Snapshot v1, https://goo.gl/fbAQLP

exports[`Prevents class name clashes across modules 1`] = `
"/*!**********************************************************************************************************************************************************************************************************************************************************************************************************************************************************!*\\\\
  !*** css ./node_modules/css-loader/dist/cjs.js??ruleSet[1].rules[3].use[1]!./node_modules/postcss-loader/dist/cjs.js??ruleSet[1].rules[3].use[2]!./node_modules/resolve-url-loader/index.js!./node_modules/sass-loader/dist/cjs.js??ruleSet[1].rules[3].use[4]!./__tests__/config/stylename-generation/__assets__/MockPackageA/TestComponent/style.scss ***!
  \\\\**********************************************************************************************************************************************************************************************************************************************************************************************************************************************************/

/*
  Sample multi-line comment
*/
.mock-package-a___TestComponent-style___testClassName___2XMk4o {
  background: red;
  width: 10px;
  height: 10px;
}

/*!*******************************************************************************************************************************************************************************************************************************************************************************************************************************!*\\\\
  !*** css ./node_modules/css-loader/dist/cjs.js??ruleSet[1].rules[3].use[1]!./node_modules/postcss-loader/dist/cjs.js??ruleSet[1].rules[3].use[2]!./node_modules/resolve-url-loader/index.js!./node_modules/sass-loader/dist/cjs.js??ruleSet[1].rules[3].use[4]!./__tests__/config/stylename-generation/__assets__/style.scss ***!
  \\\\*******************************************************************************************************************************************************************************************************************************************************************************************************************************/

.-dr-pogodin-react-utils_____tests__-config-stylename-generation-__assets__-style___sampleClassName___3qrfGl {
  color: blue;
}

/*!**********************************************************************************************************************************************************************************************************************************************************************************************************************************************************!*\\\\
  !*** css ./node_modules/css-loader/dist/cjs.js??ruleSet[1].rules[3].use[1]!./node_modules/postcss-loader/dist/cjs.js??ruleSet[1].rules[3].use[2]!./node_modules/resolve-url-loader/index.js!./node_modules/sass-loader/dist/cjs.js??ruleSet[1].rules[3].use[4]!./__tests__/config/stylename-generation/__assets__/MockPackageB/TestComponent/style.scss ***!
  \\\\**********************************************************************************************************************************************************************************************************************************************************************************************************************************************************/

/*
  Sample multi-line comment
*/
.-mock-scope-mock-package_b___TestComponent-style___testClassName___1LBVKQ {
  background: red;
  width: 10px;
  height: 10px;
}
"
`;

exports[`Prevents class name clashes in server-side code 1`] = `
Array [
  <div
    className="mock-package-a___TestComponent-style___testClassName___2XMk4o"
  >
    {"testClassName":"mock-package-a___TestComponent-style___testClassName___2XMk4o"}
  </div>,
  <div
    className="-mock-scope-mock-package_b___TestComponent-style___testClassName___1LBVKQ"
  >
    {"testClassName":"-mock-scope-mock-package_b___TestComponent-style___testClassName___1LBVKQ"}
  </div>,
  "{\\"sampleClassName\\":\\"-dr-pogodin-react-utils_____tests__-config-stylename-generation-__assets__-style___sampleClassName___3qrfGl\\"}",
]
`;
