// Jest Snapshot v1, https://goo.gl/fbAQLP

exports[`Export at client side 1`] = `
{
  "Barrier": [Function],
  "BaseButton": [Function],
  "BaseModal": [Function],
  "Button": {
    "$$typeof": Symbol(react.forward_ref),
    "render": [Function],
  },
  "Checkbox": {
    "$$typeof": Symbol(react.forward_ref),
    "render": [Function],
  },
  "CustomDropdown": {
    "$$typeof": Symbol(react.forward_ref),
    "render": [Function],
  },
  "Dropdown": {
    "$$typeof": Symbol(react.forward_ref),
    "render": [Function],
  },
  "Emitter": [Function],
  "GlobalStateProvider": [Function],
  "Input": {
    "$$typeof": Symbol(react.forward_ref),
    "render": [Function],
  },
  "Link": [Function],
  "MetaTags": [Function],
  "Modal": {
    "$$typeof": Symbol(react.forward_ref),
    "render": [Function],
  },
  "NavLink": [Function],
  "PageLayout": {
    "$$typeof": Symbol(react.forward_ref),
    "render": [Function],
  },
  "Semaphore": [Function],
  "Switch": {
    "$$typeof": Symbol(react.forward_ref),
    "render": [Function],
  },
  "TextArea": {
    "$$typeof": Symbol(react.forward_ref),
    "render": [Function],
  },
  "ThemeProvider": [Function],
  "Throbber": {
    "$$typeof": Symbol(react.forward_ref),
    "render": [Function],
  },
  "WithTooltip": {
    "$$typeof": Symbol(react.forward_ref),
    "PLACEMENTS": {
      "ABOVE_CURSOR": "ABOVE_CURSOR",
      "ABOVE_ELEMENT": "ABOVE_ELEMENT",
      "BELOW_CURSOR": "BELOW_CURSOR",
      "BELOW_ELEMENT": "BELOW_ELEMENT",
    },
    "render": [Function],
  },
  "YouTubeVideo": {
    "$$typeof": Symbol(react.forward_ref),
    "render": [Function],
  },
  "client": [Function],
  "config": {
    "CSRF": undefined,
    "MOCK_CONFIG_KEY": "Mock Config Value",
  },
  "getGlobalState": [Function],
  "getSsrContext": [Function],
  "isomorphy": {
    "IS_CLIENT_SIDE": true,
    "IS_SERVER_SIDE": false,
    "buildTimestamp": [Function],
    "getBuildInfo": [Function],
    "isDevBuild": [Function],
    "isProdBuild": [Function],
  },
  "newAsyncDataEnvelope": [Function],
  "server": null,
  "splitComponent": [Function],
  "themed": [Function],
  "time": [Function],
  "useAsyncCollection": [Function],
  "useAsyncData": [Function],
  "useGlobalState": [Function],
  "webpack": {
    "requireWeak": [Function],
    "resolveWeak": [Function],
  },
  "withGlobalStateType": [Function],
  "withRetries": [Function],
}
`;

exports[`Export at client side 2`] = `{}`;

exports[`Export at client side 3`] = `
[
  "extend",
  "locale",
  "isDayjs",
  "unix",
  "en",
  "Ls",
  "p",
  "DAY_MS",
  "HOUR_MS",
  "MIN_MS",
  "SEC_MS",
  "YEAR_MS",
  "now",
  "timer",
  "useCurrent",
  "useTimezoneOffset",
]
`;
