// Jest Snapshot v1, https://goo.gl/fbAQLP

exports[`Export at client side 1`] = `
{
  "Barrier": [Function],
  "BaseModal": [Function],
  "Button": {
    "$$typeof": Symbol(react.forward_ref),
    "render": [Function],
    "themeType": [Function],
  },
  "Checkbox": {
    "$$typeof": Symbol(react.forward_ref),
    "render": [Function],
    "themeType": [Function],
  },
  "Dropdown": {
    "$$typeof": Symbol(react.forward_ref),
    "render": [Function],
    "themeType": [Function],
  },
  "Emitter": [Function],
  "GlobalStateProvider": [Function],
  "Input": {
    "$$typeof": Symbol(react.forward_ref),
    "render": [Function],
    "themeType": [Function],
  },
  "JU": null,
  "Link": [Function],
  "MetaTags": [Function],
  "Modal": {
    "$$typeof": Symbol(react.forward_ref),
    "render": [Function],
    "themeType": [Function],
  },
  "NavLink": [Function],
  "PT": {
    "PropTypes": {
      "PropTypes": [Circular],
      "any": [Function],
      "array": [Function],
      "arrayOf": [Function],
      "bigint": [Function],
      "bool": [Function],
      "checkPropTypes": [Function],
      "element": [Function],
      "elementType": [Function],
      "exact": [Function],
      "func": [Function],
      "instanceOf": [Function],
      "node": [Function],
      "number": [Function],
      "object": [Function],
      "objectOf": [Function],
      "oneOf": [Function],
      "oneOfType": [Function],
      "resetWarningCache": [Function],
      "shape": [Function],
      "string": [Function],
      "symbol": [Function],
    },
    "any": [Function],
    "array": [Function],
    "arrayOf": [Function],
    "bigint": [Function],
    "bool": [Function],
    "checkPropTypes": [Function],
    "default": {
      "PropTypes": [Circular],
      "any": [Function],
      "array": [Function],
      "arrayOf": [Function],
      "bigint": [Function],
      "bool": [Function],
      "checkPropTypes": [Function],
      "element": [Function],
      "elementType": [Function],
      "exact": [Function],
      "func": [Function],
      "instanceOf": [Function],
      "node": [Function],
      "number": [Function],
      "object": [Function],
      "objectOf": [Function],
      "oneOf": [Function],
      "oneOfType": [Function],
      "resetWarningCache": [Function],
      "shape": [Function],
      "string": [Function],
      "symbol": [Function],
    },
    "element": [Function],
    "elementType": [Function],
    "exact": [Function],
    "func": [Function],
    "instanceOf": [Function],
    "node": [Function],
    "number": [Function],
    "object": [Function],
    "objectOf": [Function],
    "oneOf": [Function],
    "oneOfType": [Function],
    "resetWarningCache": [Function],
    "shape": [Function],
    "string": [Function],
    "symbol": [Function],
  },
  "PageLayout": {
    "$$typeof": Symbol(react.forward_ref),
    "render": [Function],
    "themeType": [Function],
  },
  "ScalableRect": [Function],
  "Semaphore": [Function],
  "ThemeProvider": [Function],
  "Throbber": {
    "$$typeof": Symbol(react.forward_ref),
    "render": [Function],
    "themeType": [Function],
  },
  "WithTooltip": {
    "$$typeof": Symbol(react.forward_ref),
    "PLACEMENTS": {
      "ABOVE_CURSOR": "ABOVE_CURSOR",
      "ABOVE_ELEMENT": "ABOVE_ELEMENT",
      "BELOW_CURSOR": "BELOW_CURSOR",
      "BELOW_ELEMENT": "BELOW_ELEMENT",
    },
    "render": [Function],
    "themeType": [Function],
  },
  "YouTubeVideo": {
    "$$typeof": Symbol(react.forward_ref),
    "render": [Function],
    "themeType": [Function],
  },
  "api": [Function],
  "client": [Function],
  "config": {},
  "getGlobalState": [Function],
  "getSsrContext": [Function],
  "isomorphy": {
    "IS_CLIENT_SIDE": true,
    "IS_SERVER_SIDE": false,
    "buildTimestamp": [Function],
    "getBuildInfo": [Function],
    "isDevBuild": [Function],
    "isProdBuild": [Function],
  },
  "newBarrier": [Function],
  "server": null,
  "splitComponent": [Function],
  "themed": [Function],
  "time": [Function],
  "useAsyncCollection": [Function],
  "useAsyncData": [Function],
  "useGlobalState": [Function],
  "webpack": {
    "requireWeak": [Function],
    "resolveWeak": [Function],
  },
  "withRetries": [Function],
}
`;

exports[`Export at client side 2`] = `{}`;

exports[`Export at client side 3`] = `
{
  "Axios": [Function],
  "AxiosError": [Function],
  "Cancel": [Function],
  "CancelToken": [Function],
  "CanceledError": [Function],
  "VERSION": "0.27.2",
  "all": [Function],
  "create": [Function],
  "default": [Function],
  "defaults": {
    "adapter": [Function],
    "env": {
      "FormData": [Function],
    },
    "headers": {
      "common": {
        "Accept": "application/json, text/plain, */*",
      },
      "delete": {},
      "get": {},
      "head": {},
      "patch": {
        "Content-Type": "application/x-www-form-urlencoded",
      },
      "post": {
        "Content-Type": "application/x-www-form-urlencoded",
      },
      "put": {
        "Content-Type": "application/x-www-form-urlencoded",
      },
    },
    "maxBodyLength": -1,
    "maxContentLength": -1,
    "timeout": 0,
    "transformRequest": [
      [Function],
    ],
    "transformResponse": [
      [Function],
    ],
    "transitional": {
      "clarifyTimeoutError": false,
      "forcedJSONParsing": true,
      "silentJSONParsing": true,
    },
    "validateStatus": [Function],
    "xsrfCookieName": "XSRF-TOKEN",
    "xsrfHeaderName": "X-XSRF-TOKEN",
  },
  "delete": [Function],
  "get": [Function],
  "getUri": [Function],
  "head": [Function],
  "interceptors": {
    "request": InterceptorManager {
      "handlers": [],
    },
    "response": InterceptorManager {
      "handlers": [],
    },
  },
  "isAxiosError": [Function],
  "isCancel": [Function],
  "options": [Function],
  "patch": [Function],
  "patchForm": [Function],
  "post": [Function],
  "postForm": [Function],
  "put": [Function],
  "putForm": [Function],
  "request": [Function],
  "spread": [Function],
  "toFormData": [Function],
}
`;

exports[`Export at client side 4`] = `
[
  "extend",
  "locale",
  "isDayjs",
  "unix",
  "en",
  "Ls",
  "p",
  "SEC_MS",
  "MIN_MS",
  "HOUR_MS",
  "DAY_MS",
  "YEAR_MS",
  "now",
  "timer",
]
`;
