// Jest Snapshot v1, https://goo.gl/fbAQLP

exports[`Export at client side 1`] = `
{
  "Barrier": [Function],
  "BaseButton": [Function],
  "BaseModal": [Function],
  "Button": [Function],
  "Checkbox": [Function],
  "CustomDropdown": [Function],
  "Dropdown": [Function],
  "Emitter": [Function],
  "GlobalStateProvider": [Function],
  "Input": [Function],
  "Link": [Function],
  "MetaTags": [Function],
  "Modal": [Function],
  "NavLink": [Function],
  "PageLayout": [Function],
  "Semaphore": [Function],
  "Switch": [Function],
  "TextArea": [Function],
  "ThemeProvider": [Function],
  "Throbber": [Function],
  "WithTooltip": [Function],
  "YouTubeVideo": [Function],
  "client": [Function],
  "config": {
    "CSRF": undefined,
    "MOCK_CONFIG_KEY": "Mock Config Value",
  },
  "getGlobalState": [Function],
  "getSsrContext": [Function],
  "isomorphy": {
    "IS_CLIENT_SIDE": true,
    "IS_SERVER_SIDE": false,
    "buildTimestamp": [Function],
    "getBuildInfo": [Function],
    "isDevBuild": [Function],
    "isProdBuild": [Function],
  },
  "newAsyncDataEnvelope": [Function],
  "server": null,
  "splitComponent": [Function],
  "themed": [Function],
  "time": [Function],
  "useAsyncCollection": [Function],
  "useAsyncData": [Function],
  "useGlobalState": [Function],
  "webpack": {
    "requireWeak": [Function],
    "resolveWeak": [Function],
  },
  "withGlobalStateType": [Function],
  "withRetries": [Function],
}
`;

exports[`Export at client side 2`] = `
[
  "extend",
  "locale",
  "isDayjs",
  "unix",
  "en",
  "Ls",
  "p",
  "DAY_MS",
  "HOUR_MS",
  "MIN_MS",
  "SEC_MS",
  "YEAR_MS",
  "now",
  "timer",
  "useCurrent",
  "useTimezoneOffset",
]
`;
