// Jest Snapshot v1, https://jestjs.io/docs/snapshot-testing

exports[`Snapshot match 1`] = `
"<div>
  <div data-id="Modal Code Parent">
    <div data-id="Modal Code Sibling"></div>
  </div>
</div>
<div>
  <div tabindex="0"></div>
  <div aria-label="Cancel" class="./src/shared/components/Modal/base-theme.scss__overlay__cZeLxn" role="button" tabindex="0"></div>
  <div aria-modal="true" class="./src/shared/components/Modal/base-theme.scss__container__3cNj3T ad hoc container" role="dialog">Modal Content</div>
  <div tabindex="0"></div>
  <div tabindex="0"></div>
</div>"
`;
